---
source: crates/engine/src/parser/oracle_ir/snapshot_tests.rs
expression: "&lowered"
---
{
  "abilities": [
    {
      "kind": "Spell",
      "effect": {
        "type": "Unimplemented",
        "name": "unknown",
        "description": "Flying"
      },
      "cost": null,
      "sub_ability": null,
      "duration": null,
      "description": "Flying",
      "target_prompt": null,
      "condition": null,
      "optional_targeting": false,
      "optional": false,
      "forward_result": false
    },
    {
      "kind": "Activated",
      "effect": {
        "type": "Mana",
        "produced": {
          "type": "AnyOneColor",
          "count": {
            "type": "Fixed",
            "value": 1
          },
          "color_options": [
            "White",
            "Blue",
            "Black",
            "Red",
            "Green"
          ]
        }
      },
      "cost": {
        "type": "Tap"
      },
      "sub_ability": null,
      "duration": null,
      "description": "{T}: Add one mana of any color.",
      "target_prompt": null,
      "condition": null,
      "optional_targeting": false,
      "optional": false,
      "forward_result": false,
      "is_mana_ability": true
    }
  ],
  "triggers": [],
  "statics": [],
  "replacements": [],
  "extractedKeywords": []
}
