---
source: crates/engine/src/parser/oracle_ir/snapshot_tests.rs
expression: "&lowered"
---
{
  "abilities": [
    {
      "kind": "Activated",
      "effect": {
        "type": "Token",
        "name": "Saproling",
        "power": {
          "type": "Fixed",
          "value": 1
        },
        "toughness": {
          "type": "Fixed",
          "value": 1
        },
        "types": [
          "Creature",
          "Saproling"
        ],
        "colors": [
          "Green"
        ],
        "keywords": [],
        "tapped": false,
        "count": {
          "type": "Fixed",
          "value": 1
        },
        "owner": {
          "type": "Controller"
        },
        "enters_attacking": false
      },
      "cost": {
        "type": "Mana",
        "cost": {
          "type": "Cost",
          "shards": [
            "Green"
          ],
          "generic": 2
        }
      },
      "sub_ability": null,
      "duration": null,
      "description": "{2}{G}: Create a 1/1 green Saproling creature token.",
      "target_prompt": null,
      "condition": null,
      "optional_targeting": false,
      "optional": false,
      "forward_result": false
    }
  ],
  "triggers": [],
  "statics": [],
  "replacements": [],
  "extractedKeywords": []
}
