---
source: crates/engine/src/parser/oracle_trigger.rs
expression: def
---
{
  "mode": "Phase",
  "execute": {
    "kind": "Spell",
    "effect": {
      "type": "Sacrifice",
      "target": {
        "type": "SelfRef"
      },
      "count": {
        "type": "Fixed",
        "value": 1
      }
    },
    "cost": null,
    "sub_ability": null,
    "duration": null,
    "description": null,
    "target_prompt": null,
    "condition": null,
    "optional_targeting": false,
    "optional": false,
    "forward_result": false
  },
  "valid_card": null,
  "origin": null,
  "destination": null,
  "trigger_zones": [
    "Battlefield"
  ],
  "phase": "Upkeep",
  "optional": false,
  "damage_kind": "Any",
  "secondary": false,
  "valid_target": null,
  "valid_source": null,
  "description": "At the beginning of your upkeep, sacrifice Test Card unless you pay {2}.",
  "constraint": {
    "type": "OnlyDuringYourTurn"
  },
  "condition": null,
  "unless_pay": {
    "cost": {
      "type": "Mana",
      "cost": {
        "type": "Cost",
        "shards": [],
        "generic": 2
      }
    },
    "payer": {
      "type": "Controller"
    }
  },
  "batched": false
}
