---
source: crates/engine/src/parser/oracle.rs
expression: result
---
{
  "abilities": [
    {
      "kind": "Spell",
      "effect": {
        "type": "Unimplemented",
        "name": "unknown",
        "description": "Flying"
      },
      "cost": null,
      "sub_ability": null,
      "duration": null,
      "description": "Flying",
      "target_prompt": null,
      "condition": null,
      "optional_targeting": false,
      "optional": false,
      "forward_result": false
    }
  ],
  "triggers": [
    {
      "mode": "ChangesZone",
      "execute": {
        "kind": "Spell",
        "effect": {
          "type": "Draw",
          "count": {
            "type": "Fixed",
            "value": 1
          },
          "target": {
            "type": "Controller"
          }
        },
        "cost": null,
        "sub_ability": null,
        "duration": null,
        "description": null,
        "target_prompt": null,
        "condition": null,
        "optional_targeting": false,
        "optional": false,
        "forward_result": false
      },
      "valid_card": {
        "type": "SelfRef"
      },
      "origin": null,
      "destination": "Battlefield",
      "trigger_zones": [
        "Battlefield"
      ],
      "phase": null,
      "optional": false,
      "damage_kind": "Any",
      "secondary": false,
      "valid_target": null,
      "valid_source": null,
      "description": "When ~ enters, draw a card.",
      "constraint": null,
      "condition": null,
      "batched": false
    }
  ],
  "statics": [],
  "replacements": [],
  "extractedKeywords": []
}
