---
source: crates/engine/src/parser/oracle_replacement.rs
expression: def
---
{
  "event": "Moved",
  "execute": {
    "kind": "Spell",
    "effect": {
      "type": "SetTapState",
      "target": {
        "type": "SelfRef"
      },
      "scope": {
        "type": "Single"
      },
      "state": {
        "type": "Tap"
      }
    },
    "cost": null,
    "sub_ability": null,
    "duration": null,
    "description": null,
    "target_prompt": null,
    "condition": null,
    "optional_targeting": false,
    "optional": false,
    "forward_result": false
  },
  "mode": {
    "type": "Mandatory"
  },
  "valid_card": {
    "type": "SelfRef"
  },
  "description": "~ enters the battlefield tapped.",
  "condition": null,
  "destination_zone": "Battlefield"
}
