---
source: crates/engine/src/parser/oracle.rs
expression: result
---
{
  "abilities": [
    {
      "kind": "Spell",
      "effect": {
        "type": "DealDamage",
        "amount": {
          "type": "Fixed",
          "value": 3
        },
        "target": {
          "type": "Any"
        }
      },
      "cost": null,
      "sub_ability": null,
      "duration": null,
      "description": "Deal 3 damage to any target.",
      "target_prompt": null,
      "condition": null,
      "optional_targeting": false,
      "optional": false,
      "forward_result": false
    }
  ],
  "triggers": [],
  "statics": [],
  "replacements": [],
  "extractedKeywords": []
}
