---
source: crates/engine/src/parser/oracle_trigger.rs
expression: def
---
{
  "mode": "ChangesZone",
  "execute": {
    "kind": "Spell",
    "effect": {
      "type": "Draw",
      "count": {
        "type": "Fixed",
        "value": 1
      },
      "target": {
        "type": "Controller"
      }
    },
    "cost": null,
    "sub_ability": null,
    "duration": null,
    "description": null,
    "target_prompt": null,
    "condition": null,
    "optional_targeting": false,
    "optional": false,
    "forward_result": false
  },
  "valid_card": {
    "type": "Typed",
    "type_filters": [
      "Creature"
    ],
    "controller": "You",
    "properties": []
  },
  "origin": null,
  "destination": "Battlefield",
  "trigger_zones": [
    "Battlefield"
  ],
  "phase": null,
  "optional": false,
  "damage_kind": "Any",
  "secondary": false,
  "valid_target": null,
  "valid_source": null,
  "description": "Whenever a creature enters the battlefield under your control for the first time each turn, draw a card.",
  "constraint": {
    "type": "OncePerTurn"
  },
  "condition": null,
  "batched": false
}
